// Jest Snapshot v1, https://goo.gl/fbAQLP

exports[`App snapshot 1`] = `
<div
  className="App"
>
  <span
    className="App--message"
  >
    It Works!
  </span>
</div>
`;
